<?xml version="1.0" encoding="UTF-8"?>
<testsuites name="Mocha Tests" time="2.24" tests="2" failures="0">
  <testsuite name="Root Suite" timestamp="2017-05-11T02:58:38" tests="0" failures="0" time="0">
  </testsuite>
  <testsuite name="DumpHeapMetrics" timestamp="2017-05-11T02:58:38" tests="1" file="/home/ubuntu/workspace/test/dump_heap_metrics.js" failures="0" time="1.139">
    <testcase name="DumpHeapMetrics should return true" time="1.139" classname="should return true">
    </testcase>
  </testsuite>
  <testsuite name="GetHeapMetrics" timestamp="2017-05-11T02:58:39" tests="1" file="/home/ubuntu/workspace/test/get_heap_metrics.js" failures="0" time="1.101">
    <testcase name="GetHeapMetrics should return true" time="1.101" classname="should return true">
    </testcase>
  </testsuite>
</testsuites>